------------------------------------------------------------
TimeQuest Timing Analyzer Summary
------------------------------------------------------------

Type  : Slow 1200mV 85C Model Setup 'slowClock:cloco|clk_out'
Slack : -11.290
TNS   : -5825.178

Type  : Slow 1200mV 85C Model Setup 'clk'
Slack : -7.545
TNS   : -3660.717

Type  : Slow 1200mV 85C Model Hold 'slowClock:cloco|clk_out'
Slack : -0.009
TNS   : -0.009

Type  : Slow 1200mV 85C Model Hold 'clk'
Slack : 0.351
TNS   : 0.000

Type  : Slow 1200mV 85C Model Minimum Pulse Width 'clk'
Slack : -3.000
TNS   : -1361.103

Type  : Slow 1200mV 85C Model Minimum Pulse Width 'slowClock:cloco|clk_out'
Slack : -1.285
TNS   : -842.960

Type  : Slow 1200mV 0C Model Setup 'slowClock:cloco|clk_out'
Slack : -10.241
TNS   : -5308.170

Type  : Slow 1200mV 0C Model Setup 'clk'
Slack : -6.880
TNS   : -3298.908

Type  : Slow 1200mV 0C Model Hold 'slowClock:cloco|clk_out'
Slack : -0.017
TNS   : -0.017

Type  : Slow 1200mV 0C Model Hold 'clk'
Slack : 0.338
TNS   : 0.000

Type  : Slow 1200mV 0C Model Minimum Pulse Width 'clk'
Slack : -3.000
TNS   : -1353.799

Type  : Slow 1200mV 0C Model Minimum Pulse Width 'slowClock:cloco|clk_out'
Slack : -1.285
TNS   : -842.960

Type  : Fast 1200mV 0C Model Setup 'slowClock:cloco|clk_out'
Slack : -5.008
TNS   : -2557.720

Type  : Fast 1200mV 0C Model Setup 'clk'
Slack : -3.341
TNS   : -1435.372

Type  : Fast 1200mV 0C Model Hold 'slowClock:cloco|clk_out'
Slack : -0.037
TNS   : -0.106

Type  : Fast 1200mV 0C Model Hold 'clk'
Slack : 0.147
TNS   : 0.000

Type  : Fast 1200mV 0C Model Minimum Pulse Width 'clk'
Slack : -3.000
TNS   : -944.753

Type  : Fast 1200mV 0C Model Minimum Pulse Width 'slowClock:cloco|clk_out'
Slack : -1.000
TNS   : -656.000

------------------------------------------------------------
